---
source: tailcall-serde-schema/src/de.rs
expression: actual
---
Object([Primitive(Number(U64(42))), Primitive(Bool(true))])
