---
source: tailcall-serde-schema/src/de.rs
expression: actual
---
Table([[Primitive(Number(U64(1)))], [Primitive(Number(U64(2)))]])
