---
source: src/core/config/transformer/flatten.rs
expression: transformed.to_sdl()
---
schema @server @upstream {
  query: Query
}

type Bar {
  a: Int
  b: Int
}

type Foo {
  bar: Bar
}

type Query {
  foo: Foo
  foo1: Int
}
