---
source: src/cli/fmt.rs
expression: "formatted.join(\"\\n\")"
---
[33mquery { f1 { f2 } }[0m
