---
source: src/core/generator/from_json.rs
expression: config.to_sdl()
---
schema @server @upstream(baseURL: "https://example.com") {
  query: Query
}

type Children {
  age: Int
  name: String
}

type Container {
  age: Int
}

type People {
  age: Int
  children: [Children]
  name: String
}

type Query {
  f1: T1 @http(path: "/")
  f2: [JSON] @http(path: "/api/v2/users")
  f3(children: Boolean): T4 @http(path: "/users", query: [{key: "children", value: "{{.args.children}}"}])
  f4: T8 @http(path: "/")
  f5: JSON @http(path: "/")
}

type T1 {
  campaignTemplates: JSON
  colors: [JSON]
}

type T4 {
  people: [People]
}

type T6 {
  container: Container
  name: String
}

type T7 {
  container: T6
  name: String
}

type T8 {
  container: T7
}
