---
source: src/core/generator/generator.rs
expression: cfg_module.config.to_sdl()
---
schema @server @upstream(baseURL: "https://example.com") {
  query: Query
}

scalar Any

type F2 {
  campaignTemplates: Any
  colors: [Any]
}

type F4 {
  adult: Boolean
  age: Int
  name: String
}

type Query {
  f2: F2 @http(path: "/")
  f3: [Any] @http(path: "/api/v2/users")
  f4: [F4] @http(path: "/users")
}
