---
source: src/core/generator/from_openapi.rs
expression: jsonplaceholder
---
schema @server @upstream {
  query: Query
}
