---
source: tests/core/spec.rs
expression: formatter
---
schema @server @upstream(baseURL: "http://jsonplaceholder.typicode.com", httpCache: 42) {
  query: Query
}

type Query {
  user(id: Int!): User @http(path: "/users/{{.args.id}}")
}

type User {
  id: Int
  name: String
  username: String
}
