---
source: tests/core/spec.rs
expression: formatter
---
schema @server @upstream {
  query: Query
}

type Post {
  body: String!
  id: ID!
  title: String!
  userId: ID!
}

type Query {
  post1: Post
    @http(
      baseURL: "http://jsonplaceholder.typicode.com"
      path: "/posts/{{.headers.authorization}}"
      allowedHeaders: ["authorization"]
    )
}
