---
source: tests/execution_spec.rs
expression: client
---
type Bar {
  id: Int
  name: String
}

type Query {
  bars: [Bar]
}

schema {
  query: Query
}
