---
source: tests/execution_spec.rs
expression: merged
---
type Query {
  data: String
}

schema {
  query: Query
}
