---
source: tests/execution_spec.rs
expression: client
---
type Address {
  street: String
}

type Query {
  user(displayName: Boolean!, id: Int!): User
  userByName(name: String!): User
}

type User {
  address: Address
  id: Int
  name: String
}

schema {
  query: Query
}
